<StyledLayerDescriptor version="1.1.0" 
   xsi:schemaLocation="http://www.opengis.net/sld StyledLayerDescriptor.xsd"
   xmlns="http://www.opengis.net/sld"
   xmlns:ogc="http://www.opengis.net/ogc"
   xmlns:se="http://www.opengis.net/se"
   xmlns:xlink="http://www.w3.org/1999/xlink"
   xmlns:xsi="http://www.w3.org/2001/XMLSchema-instance">
  <NamedLayer>
    <se:Name>Time-Averaged.AIRS3STD_006_SurfSkinTemp_A</se:Name>
    <UserStyle>
      <se:Name>GIBS Imagery Style</se:Name>
      <se:CoverageStyle>
        <se:Rule>
          <se:RasterSymbolizer>
            <se:Opacity>1.0</se:Opacity>
            <se:ColorMap>
              <se:Categorize fallbackValue="#000000">
                <se:LookupValue>Rasterdata</se:LookupValue>
                <se:Value>#E3F5FF</se:Value>
                <se:Threshold>200.0</se:Threshold>
                <se:Value>#CCEAFC</se:Value>
                <se:Threshold>200.6</se:Threshold>
                <se:Value>#CBE8FB</se:Value>
                <se:Threshold>201.2</se:Threshold>
                <se:Value>#C8E5F9</se:Value>
                <se:Threshold>201.8</se:Threshold>
                <se:Value>#C6E3F7</se:Value>
                <se:Threshold>202.4</se:Threshold>
                <se:Value>#C4E0F5</se:Value>
                <se:Threshold>203.0</se:Threshold>
                <se:Value>#C2DDF3</se:Value>
                <se:Threshold>203.6</se:Threshold>
                <se:Value>#BFDAF1</se:Value>
                <se:Threshold>204.2</se:Threshold>
                <se:Value>#BDD7EF</se:Value>
                <se:Threshold>204.8</se:Threshold>
                <se:Value>#BAD4ED</se:Value>
                <se:Threshold>205.4</se:Threshold>
                <se:Value>#B7D1EA</se:Value>
                <se:Threshold>206.0</se:Threshold>
                <se:Value>#B4CDE8</se:Value>
                <se:Threshold>206.6</se:Threshold>
                <se:Value>#B1C9E5</se:Value>
                <se:Threshold>207.2</se:Threshold>
                <se:Value>#AEC6E3</se:Value>
                <se:Threshold>207.8</se:Threshold>
                <se:Value>#ABC2E0</se:Value>
                <se:Threshold>208.4</se:Threshold>
                <se:Value>#A8BEDD</se:Value>
                <se:Threshold>209.0</se:Threshold>
                <se:Value>#A5BBDB</se:Value>
                <se:Threshold>209.6</se:Threshold>
                <se:Value>#A2B7D8</se:Value>
                <se:Threshold>210.2</se:Threshold>
                <se:Value>#9FB3D5</se:Value>
                <se:Threshold>210.8</se:Threshold>
                <se:Value>#9CAFD3</se:Value>
                <se:Threshold>211.4</se:Threshold>
                <se:Value>#9AACD0</se:Value>
                <se:Threshold>212.0</se:Threshold>
                <se:Value>#97A8CE</se:Value>
                <se:Threshold>212.6</se:Threshold>
                <se:Value>#95A5CB</se:Value>
                <se:Threshold>213.2</se:Threshold>
                <se:Value>#93A1C9</se:Value>
                <se:Threshold>213.8</se:Threshold>
                <se:Value>#909EC7</se:Value>
                <se:Threshold>214.4</se:Threshold>
                <se:Value>#8E9AC5</se:Value>
                <se:Threshold>215.0</se:Threshold>
                <se:Value>#8D96C2</se:Value>
                <se:Threshold>215.6</se:Threshold>
                <se:Value>#8C92C0</se:Value>
                <se:Threshold>216.2</se:Threshold>
                <se:Value>#8B8EBE</se:Value>
                <se:Threshold>216.8</se:Threshold>
                <se:Value>#8A8ABC</se:Value>
                <se:Threshold>217.4</se:Threshold>
                <se:Value>#8A85BA</se:Value>
                <se:Threshold>218.0</se:Threshold>
                <se:Value>#8B81B8</se:Value>
                <se:Threshold>218.6</se:Threshold>
                <se:Value>#8B7DB6</se:Value>
                <se:Threshold>219.2</se:Threshold>
                <se:Value>#8C79B4</se:Value>
                <se:Threshold>219.8</se:Threshold>
                <se:Value>#8C75B2</se:Value>
                <se:Threshold>220.4</se:Threshold>
                <se:Value>#8C72B0</se:Value>
                <se:Threshold>221.0</se:Threshold>
                <se:Value>#8C6EAE</se:Value>
                <se:Threshold>221.6</se:Threshold>
                <se:Value>#8B6AAC</se:Value>
                <se:Threshold>222.2</se:Threshold>
                <se:Value>#8A66AA</se:Value>
                <se:Threshold>222.8</se:Threshold>
                <se:Value>#8963A7</se:Value>
                <se:Threshold>223.4</se:Threshold>
                <se:Value>#875FA5</se:Value>
                <se:Threshold>224.0</se:Threshold>
                <se:Value>#855CA2</se:Value>
                <se:Threshold>224.6</se:Threshold>
                <se:Value>#82599F</se:Value>
                <se:Threshold>225.2</se:Threshold>
                <se:Value>#7E569D</se:Value>
                <se:Threshold>225.8</se:Threshold>
                <se:Value>#7A539A</se:Value>
                <se:Threshold>226.4</se:Threshold>
                <se:Value>#755097</se:Value>
                <se:Threshold>227.0</se:Threshold>
                <se:Value>#714D94</se:Value>
                <se:Threshold>227.6</se:Threshold>
                <se:Value>#6B4A91</se:Value>
                <se:Threshold>228.2</se:Threshold>
                <se:Value>#66478D</se:Value>
                <se:Threshold>228.8</se:Threshold>
                <se:Value>#60448A</se:Value>
                <se:Threshold>229.4</se:Threshold>
                <se:Value>#5A4186</se:Value>
                <se:Threshold>230.0</se:Threshold>
                <se:Value>#533F82</se:Value>
                <se:Threshold>230.6</se:Threshold>
                <se:Value>#4D3C7F</se:Value>
                <se:Threshold>231.2</se:Threshold>
                <se:Value>#46397B</se:Value>
                <se:Threshold>231.8</se:Threshold>
                <se:Value>#403677</se:Value>
                <se:Threshold>232.4</se:Threshold>
                <se:Value>#3A3374</se:Value>
                <se:Threshold>233.0</se:Threshold>
                <se:Value>#343171</se:Value>
                <se:Threshold>233.6</se:Threshold>
                <se:Value>#2E2F6E</se:Value>
                <se:Threshold>234.2</se:Threshold>
                <se:Value>#282C6B</se:Value>
                <se:Threshold>234.8</se:Threshold>
                <se:Value>#232A68</se:Value>
                <se:Threshold>235.4</se:Threshold>
                <se:Value>#1E2866</se:Value>
                <se:Threshold>236.0</se:Threshold>
                <se:Value>#192664</se:Value>
                <se:Threshold>236.6</se:Threshold>
                <se:Value>#162562</se:Value>
                <se:Threshold>237.2</se:Threshold>
                <se:Value>#122360</se:Value>
                <se:Threshold>237.8</se:Threshold>
                <se:Value>#10225F</se:Value>
                <se:Threshold>238.4</se:Threshold>
                <se:Value>#0E215E</se:Value>
                <se:Threshold>239.0</se:Threshold>
                <se:Value>#0C215E</se:Value>
                <se:Threshold>239.6</se:Threshold>
                <se:Value>#0B215F</se:Value>
                <se:Threshold>240.2</se:Threshold>
                <se:Value>#0B205F</se:Value>
                <se:Threshold>240.8</se:Threshold>
                <se:Value>#0A2161</se:Value>
                <se:Threshold>241.4</se:Threshold>
                <se:Value>#0B2163</se:Value>
                <se:Threshold>242.0</se:Threshold>
                <se:Value>#0B2165</se:Value>
                <se:Threshold>242.6</se:Threshold>
                <se:Value>#0C2268</se:Value>
                <se:Threshold>243.2</se:Threshold>
                <se:Value>#0E236B</se:Value>
                <se:Threshold>243.8</se:Threshold>
                <se:Value>#10246E</se:Value>
                <se:Threshold>244.4</se:Threshold>
                <se:Value>#122572</se:Value>
                <se:Threshold>245.0</se:Threshold>
                <se:Value>#152776</se:Value>
                <se:Threshold>245.6</se:Threshold>
                <se:Value>#17287A</se:Value>
                <se:Threshold>246.2</se:Threshold>
                <se:Value>#1A2B7D</se:Value>
                <se:Threshold>246.8</se:Threshold>
                <se:Value>#1D2D81</se:Value>
                <se:Threshold>247.4</se:Threshold>
                <se:Value>#1F2F85</se:Value>
                <se:Threshold>248.0</se:Threshold>
                <se:Value>#213188</se:Value>
                <se:Threshold>248.6</se:Threshold>
                <se:Value>#23338B</se:Value>
                <se:Threshold>249.2</se:Threshold>
                <se:Value>#24368E</se:Value>
                <se:Threshold>249.8</se:Threshold>
                <se:Value>#253991</se:Value>
                <se:Threshold>250.4</se:Threshold>
                <se:Value>#263C94</se:Value>
                <se:Threshold>251.0</se:Threshold>
                <se:Value>#263F97</se:Value>
                <se:Threshold>251.6</se:Threshold>
                <se:Value>#26439A</se:Value>
                <se:Threshold>252.2</se:Threshold>
                <se:Value>#25479C</se:Value>
                <se:Threshold>252.8</se:Threshold>
                <se:Value>#254C9F</se:Value>
                <se:Threshold>253.4</se:Threshold>
                <se:Value>#2451A1</se:Value>
                <se:Threshold>254.0</se:Threshold>
                <se:Value>#2356A4</se:Value>
                <se:Threshold>254.6</se:Threshold>
                <se:Value>#235BA6</se:Value>
                <se:Threshold>255.2</se:Threshold>
                <se:Value>#2260A8</se:Value>
                <se:Threshold>255.8</se:Threshold>
                <se:Value>#2265AB</se:Value>
                <se:Threshold>256.4</se:Threshold>
                <se:Value>#236BAD</se:Value>
                <se:Threshold>257.0</se:Threshold>
                <se:Value>#2470AF</se:Value>
                <se:Threshold>257.6</se:Threshold>
                <se:Value>#2575B2</se:Value>
                <se:Threshold>258.2</se:Threshold>
                <se:Value>#277BB4</se:Value>
                <se:Threshold>258.8</se:Threshold>
                <se:Value>#2981B7</se:Value>
                <se:Threshold>259.4</se:Threshold>
                <se:Value>#2C87BA</se:Value>
                <se:Threshold>260.0</se:Threshold>
                <se:Value>#2F8DBC</se:Value>
                <se:Threshold>260.6</se:Threshold>
                <se:Value>#3293BF</se:Value>
                <se:Threshold>261.2</se:Threshold>
                <se:Value>#369AC2</se:Value>
                <se:Threshold>261.8</se:Threshold>
                <se:Value>#3BA0C5</se:Value>
                <se:Threshold>262.4</se:Threshold>
                <se:Value>#3FA6C8</se:Value>
                <se:Threshold>263.0</se:Threshold>
                <se:Value>#43ACCB</se:Value>
                <se:Threshold>263.6</se:Threshold>
                <se:Value>#48B2CD</se:Value>
                <se:Threshold>264.2</se:Threshold>
                <se:Value>#4DB8D0</se:Value>
                <se:Threshold>264.8</se:Threshold>
                <se:Value>#53BED2</se:Value>
                <se:Threshold>265.4</se:Threshold>
                <se:Value>#59C3D4</se:Value>
                <se:Threshold>266.0</se:Threshold>
                <se:Value>#5FC9D5</se:Value>
                <se:Threshold>266.6</se:Threshold>
                <se:Value>#66CED7</se:Value>
                <se:Threshold>267.2</se:Threshold>
                <se:Value>#6DD3D8</se:Value>
                <se:Threshold>267.8</se:Threshold>
                <se:Value>#74D8D9</se:Value>
                <se:Threshold>268.4</se:Threshold>
                <se:Value>#7CDDDA</se:Value>
                <se:Threshold>269.0</se:Threshold>
                <se:Value>#84E1DA</se:Value>
                <se:Threshold>269.6</se:Threshold>
                <se:Value>#8CE5DB</se:Value>
                <se:Threshold>270.2</se:Threshold>
                <se:Value>#94EADB</se:Value>
                <se:Threshold>270.8</se:Threshold>
                <se:Value>#9EEDDB</se:Value>
                <se:Threshold>271.4</se:Threshold>
                <se:Value>#A8F1DB</se:Value>
                <se:Threshold>272.0</se:Threshold>
                <se:Value>#B3F4DB</se:Value>
                <se:Threshold>272.6</se:Threshold>
                <se:Value>#BEF7DB</se:Value>
                <se:Threshold>273.2</se:Threshold>
                <se:Value>#CAF9DA</se:Value>
                <se:Threshold>273.8</se:Threshold>
                <se:Value>#D6FBD8</se:Value>
                <se:Threshold>274.4</se:Threshold>
                <se:Value>#E1FCD6</se:Value>
                <se:Threshold>275.0</se:Threshold>
                <se:Value>#EBFDD3</se:Value>
                <se:Threshold>275.6</se:Threshold>
                <se:Value>#F2FDD0</se:Value>
                <se:Threshold>276.2</se:Threshold>
                <se:Value>#F8FCCC</se:Value>
                <se:Threshold>276.8</se:Threshold>
                <se:Value>#FCFBC8</se:Value>
                <se:Threshold>277.4</se:Threshold>
                <se:Value>#FEFAC4</se:Value>
                <se:Threshold>278.0</se:Threshold>
                <se:Value>#FFF9BF</se:Value>
                <se:Threshold>278.6</se:Threshold>
                <se:Value>#FEF7BB</se:Value>
                <se:Threshold>279.2</se:Threshold>
                <se:Value>#FEF5B6</se:Value>
                <se:Threshold>279.8</se:Threshold>
                <se:Value>#FEF3B1</se:Value>
                <se:Threshold>280.4</se:Threshold>
                <se:Value>#FEF0AC</se:Value>
                <se:Threshold>281.0</se:Threshold>
                <se:Value>#FEEEA7</se:Value>
                <se:Threshold>281.6</se:Threshold>
                <se:Value>#FEEBA2</se:Value>
                <se:Threshold>282.2</se:Threshold>
                <se:Value>#FDE99C</se:Value>
                <se:Threshold>282.8</se:Threshold>
                <se:Value>#FDE797</se:Value>
                <se:Threshold>283.4</se:Threshold>
                <se:Value>#FEE492</se:Value>
                <se:Threshold>284.0</se:Threshold>
                <se:Value>#FEE28D</se:Value>
                <se:Threshold>284.6</se:Threshold>
                <se:Value>#FEDF89</se:Value>
                <se:Threshold>285.2</se:Threshold>
                <se:Value>#FEDC84</se:Value>
                <se:Threshold>285.8</se:Threshold>
                <se:Value>#FDDA80</se:Value>
                <se:Threshold>286.4</se:Threshold>
                <se:Value>#FDD77B</se:Value>
                <se:Threshold>287.0</se:Threshold>
                <se:Value>#FDD377</se:Value>
                <se:Threshold>287.6</se:Threshold>
                <se:Value>#FDD072</se:Value>
                <se:Threshold>288.2</se:Threshold>
                <se:Value>#FDCC6E</se:Value>
                <se:Threshold>288.8</se:Threshold>
                <se:Value>#FCC96A</se:Value>
                <se:Threshold>289.4</se:Threshold>
                <se:Value>#FCC566</se:Value>
                <se:Threshold>290.0</se:Threshold>
                <se:Value>#FBC162</se:Value>
                <se:Threshold>290.6</se:Threshold>
                <se:Value>#FBBD5F</se:Value>
                <se:Threshold>291.2</se:Threshold>
                <se:Value>#FBBA5C</se:Value>
                <se:Threshold>291.8</se:Threshold>
                <se:Value>#FBB659</se:Value>
                <se:Threshold>292.4</se:Threshold>
                <se:Value>#FAB257</se:Value>
                <se:Threshold>293.0</se:Threshold>
                <se:Value>#FAAF54</se:Value>
                <se:Threshold>293.6</se:Threshold>
                <se:Value>#FAAB52</se:Value>
                <se:Threshold>294.2</se:Threshold>
                <se:Value>#FAA850</se:Value>
                <se:Threshold>294.8</se:Threshold>
                <se:Value>#FBA54E</se:Value>
                <se:Threshold>295.4</se:Threshold>
                <se:Value>#FBA14D</se:Value>
                <se:Threshold>296.0</se:Threshold>
                <se:Value>#FB9E4B</se:Value>
                <se:Threshold>296.6</se:Threshold>
                <se:Value>#FB9B4A</se:Value>
                <se:Threshold>297.2</se:Threshold>
                <se:Value>#FB9749</se:Value>
                <se:Threshold>297.8</se:Threshold>
                <se:Value>#FA9348</se:Value>
                <se:Threshold>298.4</se:Threshold>
                <se:Value>#FA8F46</se:Value>
                <se:Threshold>299.0</se:Threshold>
                <se:Value>#FA8B45</se:Value>
                <se:Threshold>299.6</se:Threshold>
                <se:Value>#FA8643</se:Value>
                <se:Threshold>300.2</se:Threshold>
                <se:Value>#FA8142</se:Value>
                <se:Threshold>300.8</se:Threshold>
                <se:Value>#FA7C40</se:Value>
                <se:Threshold>301.4</se:Threshold>
                <se:Value>#FA783F</se:Value>
                <se:Threshold>302.0</se:Threshold>
                <se:Value>#FA733D</se:Value>
                <se:Threshold>302.6</se:Threshold>
                <se:Value>#FA6E3B</se:Value>
                <se:Threshold>303.2</se:Threshold>
                <se:Value>#FA683A</se:Value>
                <se:Threshold>303.8</se:Threshold>
                <se:Value>#FA6338</se:Value>
                <se:Threshold>304.4</se:Threshold>
                <se:Value>#F95E37</se:Value>
                <se:Threshold>305.0</se:Threshold>
                <se:Value>#F95935</se:Value>
                <se:Threshold>305.6</se:Threshold>
                <se:Value>#F85433</se:Value>
                <se:Threshold>306.2</se:Threshold>
                <se:Value>#F74E32</se:Value>
                <se:Threshold>306.8</se:Threshold>
                <se:Value>#F64930</se:Value>
                <se:Threshold>307.4</se:Threshold>
                <se:Value>#F5452F</se:Value>
                <se:Threshold>308.0</se:Threshold>
                <se:Value>#F4402E</se:Value>
                <se:Threshold>308.6</se:Threshold>
                <se:Value>#F23C2D</se:Value>
                <se:Threshold>309.2</se:Threshold>
                <se:Value>#F0382C</se:Value>
                <se:Threshold>309.8</se:Threshold>
                <se:Value>#ED342B</se:Value>
                <se:Threshold>310.4</se:Threshold>
                <se:Value>#EA302A</se:Value>
                <se:Threshold>311.0</se:Threshold>
                <se:Value>#E62D2A</se:Value>
                <se:Threshold>311.6</se:Threshold>
                <se:Value>#E12929</se:Value>
                <se:Threshold>312.2</se:Threshold>
                <se:Value>#DD2629</se:Value>
                <se:Threshold>312.8</se:Threshold>
                <se:Value>#D72328</se:Value>
                <se:Threshold>313.4</se:Threshold>
                <se:Value>#D12128</se:Value>
                <se:Threshold>314.0</se:Threshold>
                <se:Value>#CB1E28</se:Value>
                <se:Threshold>314.6</se:Threshold>
                <se:Value>#C51C27</se:Value>
                <se:Threshold>315.2</se:Threshold>
                <se:Value>#BE1A27</se:Value>
                <se:Threshold>315.8</se:Threshold>
                <se:Value>#B81827</se:Value>
                <se:Threshold>316.4</se:Threshold>
                <se:Value>#B21627</se:Value>
                <se:Threshold>317.0</se:Threshold>
                <se:Value>#AB1428</se:Value>
                <se:Threshold>317.6</se:Threshold>
                <se:Value>#A51228</se:Value>
                <se:Threshold>318.2</se:Threshold>
                <se:Value>#9F1028</se:Value>
                <se:Threshold>318.8</se:Threshold>
                <se:Value>#9A0F28</se:Value>
                <se:Threshold>319.4</se:Threshold>
                <se:Value>#940D28</se:Value>
                <se:Threshold>320.0</se:Threshold>
                <se:Value>#8F0C28</se:Value>
                <se:Threshold>320.6</se:Threshold>
                <se:Value>#8A0B28</se:Value>
                <se:Threshold>321.2</se:Threshold>
                <se:Value>#850A27</se:Value>
                <se:Threshold>321.8</se:Threshold>
                <se:Value>#7F0827</se:Value>
                <se:Threshold>322.4</se:Threshold>
                <se:Value>#7A0727</se:Value>
                <se:Threshold>323.0</se:Threshold>
                <se:Value>#750727</se:Value>
                <se:Threshold>323.6</se:Threshold>
                <se:Value>#6F0627</se:Value>
                <se:Threshold>324.2</se:Threshold>
                <se:Value>#6A0627</se:Value>
                <se:Threshold>324.8</se:Threshold>
                <se:Value>#650526</se:Value>
                <se:Threshold>325.4</se:Threshold>
                <se:Value>#610426</se:Value>
                <se:Threshold>326.0</se:Threshold>
                <se:Value>#5D0426</se:Value>
                <se:Threshold>326.6</se:Threshold>
                <se:Value>#5A0326</se:Value>
                <se:Threshold>327.2</se:Threshold>
                <se:Value>#570326</se:Value>
                <se:Threshold>327.8</se:Threshold>
                <se:Value>#560327</se:Value>
                <se:Threshold>328.4</se:Threshold>
                <se:Value>#550228</se:Value>
                <se:Threshold>329.0</se:Threshold>
                <se:Value>#550229</se:Value>
                <se:Threshold>329.6</se:Threshold>
                <se:Value>#56022B</se:Value>
                <se:Threshold>330.2</se:Threshold>
                <se:Value>#59022E</se:Value>
                <se:Threshold>330.8</se:Threshold>
                <se:Value>#5C0332</se:Value>
                <se:Threshold>331.4</se:Threshold>
                <se:Value>#610336</se:Value>
                <se:Threshold>332.0</se:Threshold>
                <se:Value>#67043A</se:Value>
                <se:Threshold>332.6</se:Threshold>
                <se:Value>#6F043F</se:Value>
                <se:Threshold>333.2</se:Threshold>
                <se:Value>#770545</se:Value>
                <se:Threshold>333.8</se:Threshold>
                <se:Value>#81064B</se:Value>
                <se:Threshold>334.4</se:Threshold>
                <se:Value>#8B0851</se:Value>
                <se:Threshold>335.0</se:Threshold>
                <se:Value>#960957</se:Value>
                <se:Threshold>335.6</se:Threshold>
                <se:Value>#A10B5D</se:Value>
                <se:Threshold>336.2</se:Threshold>
                <se:Value>#AC0D64</se:Value>
                <se:Threshold>336.8</se:Threshold>
                <se:Value>#B70E6A</se:Value>
                <se:Threshold>337.4</se:Threshold>
                <se:Value>#C21070</se:Value>
                <se:Threshold>338.0</se:Threshold>
                <se:Value>#CE1276</se:Value>
                <se:Threshold>338.6</se:Threshold>
                <se:Value>#D7137C</se:Value>
                <se:Threshold>339.2</se:Threshold>
                <se:Value>#E01481</se:Value>
                <se:Threshold>340.0</se:Threshold>
                <se:Value>#FB03CF</se:Value>
              </se:Categorize>
            </se:ColorMap>
          </se:RasterSymbolizer>
        </se:Rule>
      </se:CoverageStyle>
    </UserStyle>
  </NamedLayer>
</StyledLayerDescriptor>
