<!doctype html>
<html>
<head>
<meta http-equiv="Content-Type" content="text/html; charset=utf-8"/>
<link rel="stylesheet" type="text/css" href="resources/colormap.css">
</head>
<body>
<h1>ColorMap_v1.2_Sample.xml</h1>
<p>Download Color Map file <a href="../ColorMap_v1.2_Sample.xml">here</a><br><br>
<h2> ColorMap : Title 'Continuous Data'  Units 'm'</h2>
<h3> Entries : </h3>
<table>
  <tr>
    <th>RGB</th>
    <th class='transparency'>Transparent</th>
    <th class='data-value'>SourceValue</th>
    <th class='data-value'>Value</th>
    <th class='data-value'>Reference</th>
    <th class='data-value'>NoData</th>
  </tr>
  <tr>
    <td class='color' bgcolor=#660077><font color="white">102,000,119</font></td>
    <td class='data-value'>True</td>
    <td class='data-value'>[1000,2000)</td>
    <td class='data-value'>[10,20)</td>
    <td class='data-value'>1</td>
    <td class='data-value'>False</td>
  </tr>
  <tr>
    <td class='color' bgcolor=#660177><font color="white">102,001,119</font></td>
    <td class='data-value'>True</td>
    <td class='data-value'>[2000,3000)</td>
    <td class='data-value'>[20,30)</td>
    <td class='data-value'>2</td>
    <td class='data-value'>False</td>
  </tr>
  <tr>
    <td class='color' bgcolor=#660277><font color="white">102,002,119</font></td>
    <td class='data-value'>True</td>
    <td class='data-value'>[3000,4000)</td>
    <td class='data-value'>[30,40)</td>
    <td class='data-value'>3</td>
    <td class='data-value'>False</td>
  </tr>
  <tr>
    <td class='color' bgcolor=#b70f8d><font color="white">183,015,141</font></td>
    <td class='data-value'>True</td>
    <td class='data-value'>[4000,5000)</td>
    <td class='data-value'>[40,50)</td>
    <td class='data-value'>4</td>
    <td class='data-value'>False</td>
  </tr>
  <tr>
    <td class='color' bgcolor=#b7108d><font color="white">183,016,141</font></td>
    <td class='data-value'>True</td>
    <td class='data-value'>[5000,6000)</td>
    <td class='data-value'>[50,60)</td>
    <td class='data-value'>4</td>
    <td class='data-value'>False</td>
  </tr>
  <tr>
    <td class='color' bgcolor=#b7118d><font color="white">183,017,141</font></td>
    <td class='data-value'>True</td>
    <td class='data-value'>[6000,7000)</td>
    <td class='data-value'>[60,70)</td>
    <td class='data-value'>5</td>
    <td class='data-value'>False</td>
  </tr>
</table>
<h3> Legend : Type 'continuous'  MinLabel '10'  MaxLabel '70'</h3>
<table>
  <tr>
    <th>RGB</th>
    <th class='data-value'>ToolTip</th>
    <th class='data-value'>showTick</th>
    <th class='data-value'>showLabel</th>
    <th class='data-value'>Label</th>
    <th class='data-value'>ID</th>
  </tr>
  <tr>
    <td class='color' bgcolor=#660077><font color="white">102,000,119</font></td>
    <td class='data-value'></td>
    <td class='data-value'>False</td>
    <td class='data-value'>False</td>
    <td class='data-value'></td>
    <td class='data-value'>1</td>
  </tr>
  <tr>
    <td class='color' bgcolor=#660177><font color="white">102,001,119</font></td>
    <td class='data-value'></td>
    <td class='data-value'>False</td>
    <td class='data-value'>True</td>
    <td class='data-value'>20</td>
    <td class='data-value'>2</td>
  </tr>
  <tr>
    <td class='color' bgcolor=#660277><font color="white">102,002,119</font></td>
    <td class='data-value'></td>
    <td class='data-value'>True</td>
    <td class='data-value'>False</td>
    <td class='data-value'></td>
    <td class='data-value'>3</td>
  </tr>
  <tr>
    <td class='color' bgcolor=#b70f8d><font color="white">183,015,141</font></td>
    <td class='data-value'></td>
    <td class='data-value'>False</td>
    <td class='data-value'>True</td>
    <td class='data-value'>[40,60)</td>
    <td class='data-value'>4</td>
  </tr>
  <tr>
    <td class='color' bgcolor=#b7118d><font color="white">183,017,141</font></td>
    <td class='data-value'></td>
    <td class='data-value'>False</td>
    <td class='data-value'>False</td>
    <td class='data-value'></td>
    <td class='data-value'>5</td>
  </tr>
</table>
<hr>
<br>
<br>
<br>
<h2> ColorMap : Title ''  Units '%'</h2>
<h3> Entries : </h3>
<table>
  <tr>
    <th>RGB</th>
    <th class='transparency'>Transparent</th>
    <th class='data-value'>SourceValue</th>
    <th class='data-value'>Value</th>
    <th class='data-value'>Reference</th>
    <th class='data-value'>NoData</th>
  </tr>
  <tr>
    <td class='color' bgcolor=#00ff00><font color="black">0,255,0</font></td>
    <td class='data-value'>True</td>
    <td class='data-value'>0</td>
    <td class='data-value'>0</td>
    <td class='data-value'>0</td>
    <td class='data-value'>False</td>
  </tr>
  <tr>
    <td class='color' bgcolor=#f0f080><font color="black">240,240,128</font></td>
    <td class='data-value'>True</td>
    <td class='data-value'>1</td>
    <td class='data-value'>1</td>
    <td class='data-value'>1</td>
    <td class='data-value'>False</td>
  </tr>
  <tr>
    <td class='color' bgcolor=#f0f081><font color="black">240,240,129</font></td>
    <td class='data-value'>True</td>
    <td class='data-value'>2</td>
    <td class='data-value'>2</td>
    <td class='data-value'>2</td>
    <td class='data-value'>False</td>
  </tr>
  <tr>
    <td class='color' bgcolor=#f0f082><font color="black">240,240,130</font></td>
    <td class='data-value'>True</td>
    <td class='data-value'>3</td>
    <td class='data-value'>3</td>
    <td class='data-value'>3</td>
    <td class='data-value'>False</td>
  </tr>
  <tr>
    <td class='color' bgcolor=#f0f083><font color="black">240,240,131</font></td>
    <td class='data-value'>True</td>
    <td class='data-value'>4</td>
    <td class='data-value'>4</td>
    <td class='data-value'>4</td>
    <td class='data-value'>False</td>
  </tr>
  <tr>
    <td class='color' bgcolor=#f0f084><font color="black">240,240,132</font></td>
    <td class='data-value'>True</td>
    <td class='data-value'>5</td>
    <td class='data-value'>5</td>
    <td class='data-value'>5</td>
    <td class='data-value'>False</td>
  </tr>
  <tr>
    <td class='color' bgcolor=#f0f085><font color="black">240,240,133</font></td>
    <td class='data-value'>True</td>
    <td class='data-value'>6</td>
    <td class='data-value'>6</td>
    <td class='data-value'>6</td>
    <td class='data-value'>False</td>
  </tr>
  <tr>
    <td class='color' bgcolor=#f0f086><font color="black">240,240,134</font></td>
    <td class='data-value'>True</td>
    <td class='data-value'>7</td>
    <td class='data-value'>7</td>
    <td class='data-value'>7</td>
    <td class='data-value'>False</td>
  </tr>
  <tr>
    <td class='color' bgcolor=#f0f087><font color="black">240,240,135</font></td>
    <td class='data-value'>True</td>
    <td class='data-value'>8</td>
    <td class='data-value'>8</td>
    <td class='data-value'>8</td>
    <td class='data-value'>False</td>
  </tr>
  <tr>
    <td class='color' bgcolor=#f0f088><font color="black">240,240,136</font></td>
    <td class='data-value'>True</td>
    <td class='data-value'>9</td>
    <td class='data-value'>9</td>
    <td class='data-value'>9</td>
    <td class='data-value'>False</td>
  </tr>
  <tr>
    <td class='color' bgcolor=#f0f089><font color="black">240,240,137</font></td>
    <td class='data-value'>True</td>
    <td class='data-value'>10</td>
    <td class='data-value'>10</td>
    <td class='data-value'>10</td>
    <td class='data-value'>False</td>
  </tr>
</table>
<h3> Legend : Type 'discrete'  MinLabel '1'  MaxLabel '10'</h3>
<table>
  <tr>
    <th>RGB</th>
    <th class='data-value'>ToolTip</th>
    <th class='data-value'>showTick</th>
    <th class='data-value'>showLabel</th>
    <th class='data-value'>Label</th>
    <th class='data-value'>ID</th>
  </tr>
  <tr>
    <td class='color' bgcolor=#f0f080><font color="black">240,240,128</font></td>
    <td class='data-value'></td>
    <td class='data-value'>False</td>
    <td class='data-value'>False</td>
    <td class='data-value'></td>
    <td class='data-value'>1</td>
  </tr>
  <tr>
    <td class='color' bgcolor=#f0f081><font color="black">240,240,129</font></td>
    <td class='data-value'></td>
    <td class='data-value'>False</td>
    <td class='data-value'>False</td>
    <td class='data-value'></td>
    <td class='data-value'>2</td>
  </tr>
  <tr>
    <td class='color' bgcolor=#f0f082><font color="black">240,240,130</font></td>
    <td class='data-value'></td>
    <td class='data-value'>False</td>
    <td class='data-value'>False</td>
    <td class='data-value'></td>
    <td class='data-value'>3</td>
  </tr>
  <tr>
    <td class='color' bgcolor=#f0f083><font color="black">240,240,131</font></td>
    <td class='data-value'></td>
    <td class='data-value'>False</td>
    <td class='data-value'>False</td>
    <td class='data-value'></td>
    <td class='data-value'>4</td>
  </tr>
  <tr>
    <td class='color' bgcolor=#f0f084><font color="black">240,240,132</font></td>
    <td class='data-value'></td>
    <td class='data-value'>False</td>
    <td class='data-value'>True</td>
    <td class='data-value'>5</td>
    <td class='data-value'>5</td>
  </tr>
  <tr>
    <td class='color' bgcolor=#f0f085><font color="black">240,240,133</font></td>
    <td class='data-value'></td>
    <td class='data-value'>False</td>
    <td class='data-value'>False</td>
    <td class='data-value'></td>
    <td class='data-value'>6</td>
  </tr>
  <tr>
    <td class='color' bgcolor=#f0f086><font color="black">240,240,134</font></td>
    <td class='data-value'></td>
    <td class='data-value'>False</td>
    <td class='data-value'>False</td>
    <td class='data-value'></td>
    <td class='data-value'>7</td>
  </tr>
  <tr>
    <td class='color' bgcolor=#f0f087><font color="black">240,240,135</font></td>
    <td class='data-value'></td>
    <td class='data-value'>False</td>
    <td class='data-value'>False</td>
    <td class='data-value'></td>
    <td class='data-value'>8</td>
  </tr>
  <tr>
    <td class='color' bgcolor=#f0f088><font color="black">240,240,136</font></td>
    <td class='data-value'></td>
    <td class='data-value'>False</td>
    <td class='data-value'>False</td>
    <td class='data-value'></td>
    <td class='data-value'>9</td>
  </tr>
  <tr>
    <td class='color' bgcolor=#f0f089><font color="black">240,240,137</font></td>
    <td class='data-value'></td>
    <td class='data-value'>False</td>
    <td class='data-value'>False</td>
    <td class='data-value'></td>
    <td class='data-value'>10</td>
  </tr>
</table>
<hr>
<br>
<br>
<br>
<h2> ColorMap : Title 'Classification'  Units ''</h2>
<h3> Entries : </h3>
<table>
  <tr>
    <th>RGB</th>
    <th class='transparency'>Transparent</th>
    <th class='data-value'>SourceValue</th>
    <th class='data-value'>Value</th>
    <th class='data-value'>Reference</th>
    <th class='data-value'>NoData</th>
  </tr>
  <tr>
    <td class='color' bgcolor=#0a0aff><font color="white">10,10,255</font></td>
    <td class='data-value'>True</td>
    <td class='data-value'>[1]</td>
    <td class='data-value'>[1]</td>
    <td class='data-value'>1</td>
    <td class='data-value'>False</td>
  </tr>
  <tr>
    <td class='color' bgcolor=#3232ff><font color="white">50,50,255</font></td>
    <td class='data-value'>True</td>
    <td class='data-value'>[2]</td>
    <td class='data-value'>[2]</td>
    <td class='data-value'>2</td>
    <td class='data-value'>False</td>
  </tr>
  <tr>
    <td class='color' bgcolor=#6464ff><font color="white">100,100,255</font></td>
    <td class='data-value'>True</td>
    <td class='data-value'>[3]</td>
    <td class='data-value'>[3]</td>
    <td class='data-value'>3</td>
    <td class='data-value'>False</td>
  </tr>
</table>
<h3> Legend : Type 'classification'  MinLabel ''  MaxLabel ''</h3>
<table>
  <tr>
    <th>RGB</th>
    <th class='data-value'>ToolTip</th>
    <th class='data-value'>showTick</th>
    <th class='data-value'>showLabel</th>
    <th class='data-value'>Label</th>
    <th class='data-value'>ID</th>
  </tr>
  <tr>
    <td class='color' bgcolor=#0a0aff><font color="white">10,10,255</font></td>
    <td class='data-value'></td>
    <td class='data-value'>False</td>
    <td class='data-value'>False</td>
    <td class='data-value'>Trees</td>
    <td class='data-value'>1</td>
  </tr>
  <tr>
    <td class='color' bgcolor=#3232ff><font color="white">50,50,255</font></td>
    <td class='data-value'></td>
    <td class='data-value'>False</td>
    <td class='data-value'>False</td>
    <td class='data-value'>Clouds</td>
    <td class='data-value'>2</td>
  </tr>
  <tr>
    <td class='color' bgcolor=#6464ff><font color="white">100,100,255</font></td>
    <td class='data-value'></td>
    <td class='data-value'>False</td>
    <td class='data-value'>False</td>
    <td class='data-value'>Water</td>
    <td class='data-value'>3</td>
  </tr>
</table>
<hr>
<br>
<br>
<br>
<h2> ColorMap : Title 'No Data'  Units ''</h2>
<h3> Entries : </h3>
<table>
  <tr>
    <th>RGB</th>
    <th class='transparency'>Transparent</th>
    <th class='data-value'>SourceValue</th>
    <th class='data-value'>Value</th>
    <th class='data-value'>Reference</th>
    <th class='data-value'>NoData</th>
  </tr>
  <tr>
    <td class='color' bgcolor=#dcdcff><font color="black">220,220,255</font></td>
    <td class='data-value'>True</td>
    <td class='data-value'>[-9999]</td>
    <td class='data-value'></td>
    <td class='data-value'></td>
    <td class='data-value'>True</td>
  </tr>
</table>
<h3>No Legend</h3>
</body>
</html>
